   Compiling autocfg v1.5.0
   Compiling serde_core v1.0.228
   Compiling proc-macro2 v1.0.106
   Compiling quote v1.0.45
   Compiling unicode-ident v1.0.24
   Compiling serde v1.0.228
   Compiling shlex v1.3.0
   Compiling num-traits v0.2.19
   Compiling matrixmultiply v0.3.10
   Compiling find-msvc-tools v0.1.9
   Compiling zmij v1.0.21
   Compiling cc v1.2.59
   Compiling serde_json v1.0.149
   Compiling syn v2.0.117
   Compiling equivalent v1.0.2
   Compiling num-integer v0.1.46
   Compiling blake3 v1.8.4
   Compiling hashbrown v0.16.1
   Compiling indexmap v2.13.1
   Compiling num-complex v0.4.6
   Compiling serde_derive v1.0.228
   Compiling rawpointer v0.2.1
   Compiling strength_reduce v0.2.4
   Compiling foldhash v0.1.5
   Compiling allocator-api2 v0.2.21
   Compiling itoa v1.0.18
   Compiling transpose v0.2.3
   Compiling hashbrown v0.15.5
   Compiling primal-check v0.3.4
   Compiling ryu v1.0.23
   Compiling arrayref v0.3.9
   Compiling cfg-if v1.0.4
   Compiling fixedbitset v0.4.2
   Compiling cpufeatures v0.3.0
   Compiling pin-project-lite v0.2.17
   Compiling iana-time-zone v0.1.65
   Compiling fastrand v2.3.0
   Compiling futures-io v0.3.32
   Compiling memchr v2.8.0
   Compiling arrayvec v0.7.6
   Compiling futures-core v0.3.32
   Compiling unsafe-libyaml v0.2.11
   Compiling parking v2.2.1
   Compiling constant_time_eq v0.4.2
   Compiling serde_yaml v0.9.34+deprecated
   Compiling bincode v1.3.3
   Compiling futures-lite v2.6.1
   Compiling chrono v0.4.44
   Compiling petgraph v0.6.5
   Compiling ndarray v0.17.2
   Compiling rustfft v6.4.1
   Compiling lru v0.13.0
   Compiling pollster v0.4.0
   Compiling rrm_rust v0.1.0 (/app)
    Finished `release` profile [optimized] target(s) in 1m 37s
     Running unittests src/lib.rs (target/release/deps/rrm_rust-2a937746a7cfacb6)

running 4 tests
test core::cow_memory::tests::test_cow_structural_sharing ... ok
test memory::mental_replay::tests::test_mental_replay_new ... ok
test memory::mental_replay::tests::test_mental_replay_default ... ok
test memory::maintenance_test::tests::test_maintenance_engine_anneal ... ok

test result: ok. 4 passed; 0 failed; 0 ignored; 0 measured; 0 filtered out; finished in 0.00s

     Running unittests src/bin/bench_topology.rs (target/release/deps/bench_topology-36d56815b292aada)

running 0 tests

test result: ok. 0 passed; 0 failed; 0 ignored; 0 measured; 0 filtered out; finished in 0.00s

     Running unittests src/main.rs (target/release/deps/rrm_rust-22d9f1bee258968c)

running 0 tests

test result: ok. 0 passed; 0 failed; 0 ignored; 0 measured; 0 filtered out; finished in 0.00s

     Running tests/perf_topology.rs (target/release/deps/perf_topology-4e12d754dbb04529)

running 1 test
test bench_from_manifold ... ok

test result: ok. 1 passed; 0 failed; 0 ignored; 0 measured; 0 filtered out; finished in 1.81s

     Running tests/security_io.rs (target/release/deps/security_io-93c847935243b2a8)

running 1 test
test test_immortal_engine_io_failure_resilience ... ok

test result: ok. 1 passed; 0 failed; 0 ignored; 0 measured; 0 filtered out; finished in 0.10s

   Doc-tests rrm_rust

running 0 tests

test result: ok. 0 passed; 0 failed; 0 ignored; 0 measured; 0 filtered out; finished in 0.00s
